C51 COMPILER V9.59.0.0   LCD_EIGHTBIT_MAIN                                                 10/09/2023 17:12:08 PAGE 1   


C51 COMPILER V9.59.0.0, COMPILATION OF MODULE LCD_EIGHTBIT_MAIN
OBJECT MODULE PLACED IN .\Objects\LCD_EightBit_Main.obj
COMPILER INVOKED BY: D:\setups\C51\BIN\C51.EXE LCD_EightBit_Main.c OPTIMIZE(8,SPEED) BROWSE DEBUG OBJECTEXTEND PRINT(.\L
                    -istings\LCD_EightBit_Main.lst) TABS(2) OBJECT(.\Objects\LCD_EightBit_Main.obj)

line level    source

   1          #include <REGX51.H>
   2          #include"LCD_EightBit.h"
   3          #include"delay.h"
   4          
   5          
   6          void main()
   7          {
   8   1        init();
   9   1        LCD_CMD(0x38);
  10   1        LCD_DATA('P');
  11   1        LCD_DATA('u');
  12   1        LCD_DATA('n');
  13   1        LCD_DATA('e');
  14   1        
  15   1        LCD_CMD(0xC0);
  16   1        LCD_DATA('W');
  17   1        LCD_DATA('e');
  18   1        LCD_DATA('l');
  19   1        LCD_DATA('c');
  20   1        LCD_DATA('o');
  21   1        LCD_DATA('m');
  22   1        LCD_DATA('e');
  23   1      }


MODULE INFORMATION:   STATIC OVERLAYABLE
   CODE SIZE        =     68    ----
   CONSTANT SIZE    =   ----    ----
   XDATA SIZE       =   ----    ----
   PDATA SIZE       =   ----    ----
   DATA SIZE        =   ----    ----
   IDATA SIZE       =   ----    ----
   BIT SIZE         =   ----    ----
END OF MODULE INFORMATION.


C51 COMPILATION COMPLETE.  0 WARNING(S),  0 ERROR(S)
